이미 존재합니다: C:\sw\gpt-lab\data\ratings_train.txt
이미 존재합니다: C:\sw\gpt-lab\data\ratings_test.txt
사전 학습 train 텍스트: C:\sw\gpt-lab\data\nsmc_lm_train.txt (1,379,486자)
사전 학습 val 텍스트: C:\sw\gpt-lab\data\nsmc_lm_val.txt (120,560자)
감성 분류 train: C:\sw\gpt-lab\data\nsmc_sentiment_train.jsonl (137,996개)
감성 분류 val: C:\sw\gpt-lab\data\nsmc_sentiment_val.jsonl (11,999개)
감성 분류 test: C:\sw\gpt-lab\data\nsmc_sentiment_test.jsonl (49,997개)
device=cpu
preset=final
train_chars=1379486 val_chars=120560
final_ctx128_layers4_lr3e-4 epoch=0.181 step=000100 train=6.1484 val=6.1312
final_ctx128_layers4_lr3e-4 epoch=0.363 step=000200 train=5.5985 val=5.5835
final_ctx128_layers4_lr3e-4 epoch=0.544 step=000300 train=5.2038 val=5.2107
final_ctx128_layers4_lr3e-4 epoch=0.726 step=000400 train=4.9747 val=4.9763
final_ctx128_layers4_lr3e-4 epoch=0.907 step=000500 train=4.7782 val=4.8158
final_ctx128_layers4_lr3e-4 epoch=1.000 step=000551 train=4.7171 val=4.7519
final_ctx128_layers4_lr3e-4 epoch=1.089 step=000600 train=4.6917 val=4.7031
final_ctx128_layers4_lr3e-4 epoch=1.270 step=000700 train=4.5998 val=4.6235
final_ctx128_layers4_lr3e-4 epoch=1.452 step=000800 train=4.5175 val=4.5627
final_ctx128_layers4_lr3e-4 epoch=1.633 step=000900 train=4.4555 val=4.5120
final_ctx128_layers4_lr3e-4 epoch=1.815 step=001000 train=4.3849 val=4.4701
final_ctx128_layers4_lr3e-4 epoch=1.996 step=001100 train=4.3558 val=4.4337
final_ctx128_layers4_lr3e-4 epoch=2.000 step=001102 train=4.3691 val=4.4322
final_ctx128_layers4_lr3e-4 epoch=2.178 step=001200 train=4.3264 val=4.4087
final_ctx128_layers4_lr3e-4 epoch=2.359 step=001300 train=4.2853 val=4.3822
final_ctx128_layers4_lr3e-4 epoch=2.541 step=001400 train=4.2931 val=4.3601
final_ctx128_layers4_lr3e-4 epoch=2.722 step=001500 train=4.2142 val=4.3376
final_ctx128_layers4_lr3e-4 epoch=2.904 step=001600 train=4.2168 val=4.3214
final_ctx128_layers4_lr3e-4 epoch=3.000 step=001653 train=4.2035 val=4.3086
final_ctx128_layers4_lr3e-4 epoch=3.085 step=001700 train=4.2157 val=4.3032
final_ctx128_layers4_lr3e-4 epoch=3.267 step=001800 train=4.1912 val=4.2910
final_ctx128_layers4_lr3e-4 epoch=3.448 step=001900 train=4.1799 val=4.2804
final_ctx128_layers4_lr3e-4 epoch=3.630 step=002000 train=4.1781 val=4.2700
final_ctx128_layers4_lr3e-4 epoch=3.811 step=002100 train=4.1596 val=4.2532
final_ctx128_layers4_lr3e-4 epoch=3.993 step=002200 train=4.1311 val=4.2419
final_ctx128_layers4_lr3e-4 epoch=4.000 step=002204 train=4.1375 val=4.2414
final_ctx128_layers4_lr3e-4 epoch=4.174 step=002300 train=4.1281 val=4.2339
final_ctx128_layers4_lr3e-4 epoch=4.356 step=002400 train=4.1305 val=4.2283
final_ctx128_layers4_lr3e-4 epoch=4.537 step=002500 train=4.0682 val=4.2135
final_ctx128_layers4_lr3e-4 epoch=4.719 step=002600 train=4.0414 val=4.2037
final_ctx128_layers4_lr3e-4 epoch=4.900 step=002700 train=4.0452 val=4.1962
final_ctx128_layers4_lr3e-4 epoch=5.000 step=002755 train=4.0838 val=4.1898
final_ctx128_layers4_lr3e-4 epoch=5.082 step=002800 train=4.0643 val=4.1842
final_ctx128_layers4_lr3e-4 epoch=5.263 step=002900 train=4.0473 val=4.1762
final_ctx128_layers4_lr3e-4 epoch=5.445 step=003000 train=4.0509 val=4.1651
final_ctx128_layers4_lr3e-4 epoch=5.626 step=003100 train=4.0115 val=4.1580
final_ctx128_layers4_lr3e-4 epoch=5.808 step=003200 train=4.0168 val=4.1406
final_ctx128_layers4_lr3e-4 epoch=5.989 step=003300 train=3.9612 val=4.1348
final_ctx128_layers4_lr3e-4 epoch=6.000 step=003306 train=3.9419 val=4.1314
final_ctx128_layers4_lr3e-4 epoch=6.171 step=003400 train=3.9340 val=4.1230
final_ctx128_layers4_lr3e-4 epoch=6.352 step=003500 train=3.9467 val=4.1126
final_ctx128_layers4_lr3e-4 epoch=6.534 step=003600 train=3.9450 val=4.1007
final_ctx128_layers4_lr3e-4 epoch=6.715 step=003700 train=3.9199 val=4.0951
final_ctx128_layers4_lr3e-4 epoch=6.897 step=003800 train=3.8953 val=4.0802
final_ctx128_layers4_lr3e-4 epoch=7.000 step=003857 train=3.8981 val=4.0738
final_ctx128_layers4_lr3e-4 epoch=7.078 step=003900 train=3.8678 val=4.0702
final_ctx128_layers4_lr3e-4 epoch=7.260 step=004000 train=3.8853 val=4.0576
final_ctx128_layers4_lr3e-4 epoch=7.441 step=004100 train=3.8188 val=4.0525
final_ctx128_layers4_lr3e-4 epoch=7.623 step=004200 train=3.8318 val=4.0386
final_ctx128_layers4_lr3e-4 epoch=7.804 step=004300 train=3.7927 val=4.0233
final_ctx128_layers4_lr3e-4 epoch=7.985 step=004400 train=3.8399 val=4.0096
final_ctx128_layers4_lr3e-4 epoch=8.000 step=004408 train=3.8032 val=4.0068
final_ctx128_layers4_lr3e-4 epoch=8.167 step=004500 train=3.8070 val=4.0061
final_ctx128_layers4_lr3e-4 epoch=8.348 step=004600 train=3.8006 val=3.9981
final_ctx128_layers4_lr3e-4 epoch=8.530 step=004700 train=3.7467 val=3.9840
final_ctx128_layers4_lr3e-4 epoch=8.711 step=004800 train=3.7386 val=3.9780
final_ctx128_layers4_lr3e-4 epoch=8.893 step=004900 train=3.7325 val=3.9668
final_ctx128_layers4_lr3e-4 epoch=9.000 step=004959 train=3.7005 val=3.9593
final_ctx128_layers4_lr3e-4 epoch=9.074 step=005000 train=3.7200 val=3.9619
final_ctx128_layers4_lr3e-4 epoch=9.256 step=005100 train=3.7426 val=3.9530
final_ctx128_layers4_lr3e-4 epoch=9.437 step=005200 train=3.7052 val=3.9464
final_ctx128_layers4_lr3e-4 epoch=9.619 step=005300 train=3.6733 val=3.9330
final_ctx128_layers4_lr3e-4 epoch=9.800 step=005400 train=3.7175 val=3.9302
final_ctx128_layers4_lr3e-4 epoch=9.982 step=005500 train=3.6814 val=3.9196
final_ctx128_layers4_lr3e-4 epoch=10.000 step=005510 train=3.6388 val=3.9169
final_ctx128_layers4_lr3e-4 epoch=10.163 step=005600 train=3.6635 val=3.9125
final_ctx128_layers4_lr3e-4 epoch=10.345 step=005700 train=3.7069 val=3.9085
final_ctx128_layers4_lr3e-4 epoch=10.526 step=005800 train=3.6682 val=3.9037
final_ctx128_layers4_lr3e-4 epoch=10.708 step=005900 train=3.6051 val=3.8899
final_ctx128_layers4_lr3e-4 epoch=10.889 step=006000 train=3.6469 val=3.8884
final_ctx128_layers4_lr3e-4 epoch=11.000 step=006061 train=3.6485 val=3.8845
final_ctx128_layers4_lr3e-4 epoch=11.071 step=006100 train=3.6119 val=3.8853
final_ctx128_layers4_lr3e-4 epoch=11.252 step=006200 train=3.6476 val=3.8755
final_ctx128_layers4_lr3e-4 epoch=11.434 step=006300 train=3.5597 val=3.8693
final_ctx128_layers4_lr3e-4 epoch=11.615 step=006400 train=3.5824 val=3.8626
final_ctx128_layers4_lr3e-4 epoch=11.797 step=006500 train=3.6004 val=3.8572
final_ctx128_layers4_lr3e-4 epoch=11.978 step=006600 train=3.6006 val=3.8518
final_ctx128_layers4_lr3e-4 epoch=12.000 step=006612 train=3.5755 val=3.8509
final_ctx128_layers4_lr3e-4 epoch=12.160 step=006700 train=3.5521 val=3.8489
final_ctx128_layers4_lr3e-4 epoch=12.341 step=006800 train=3.5612 val=3.8468
final_ctx128_layers4_lr3e-4 epoch=12.523 step=006900 train=3.5557 val=3.8422
final_ctx128_layers4_lr3e-4 epoch=12.704 step=007000 train=3.5413 val=3.8331
final_ctx128_layers4_lr3e-4 epoch=12.886 step=007100 train=3.5368 val=3.8283
final_ctx128_layers4_lr3e-4 epoch=13.000 step=007163 train=3.5186 val=3.8283
final_ctx128_layers4_lr3e-4 epoch=13.067 step=007200 train=3.5100 val=3.8265
final_ctx128_layers4_lr3e-4 epoch=13.249 step=007300 train=3.5262 val=3.8242
final_ctx128_layers4_lr3e-4 epoch=13.430 step=007400 train=3.5286 val=3.8281
final_ctx128_layers4_lr3e-4 epoch=13.612 step=007500 train=3.5006 val=3.8175
final_ctx128_layers4_lr3e-4 epoch=13.793 step=007600 train=3.4853 val=3.8086
final_ctx128_layers4_lr3e-4 epoch=13.975 step=007700 train=3.4855 val=3.8027
final_ctx128_layers4_lr3e-4 epoch=14.000 step=007714 train=3.5058 val=3.8022
final_ctx128_layers4_lr3e-4 epoch=14.156 step=007800 train=3.4925 val=3.8065
final_ctx128_layers4_lr3e-4 epoch=14.338 step=007900 train=3.4763 val=3.8032
final_ctx128_layers4_lr3e-4 epoch=14.519 step=008000 train=3.4879 val=3.8029
final_ctx128_layers4_lr3e-4 epoch=14.701 step=008100 train=3.4126 val=3.7973
final_ctx128_layers4_lr3e-4 epoch=14.882 step=008200 train=3.4567 val=3.7901
final_ctx128_layers4_lr3e-4 epoch=15.000 step=008265 train=3.4635 val=3.7843
final_ctx128_layers4_lr3e-4 epoch=15.064 step=008300 train=3.4722 val=3.7825
final_ctx128_layers4_lr3e-4 epoch=15.245 step=008400 train=3.4375 val=3.7853
final_ctx128_layers4_lr3e-4 epoch=15.426 step=008500 train=3.4480 val=3.7832
final_ctx128_layers4_lr3e-4 epoch=15.608 step=008600 train=3.4441 val=3.7796
final_ctx128_layers4_lr3e-4 epoch=15.789 step=008700 train=3.4110 val=3.7777
final_ctx128_layers4_lr3e-4 epoch=15.971 step=008800 train=3.4341 val=3.7681
final_ctx128_layers4_lr3e-4 epoch=16.000 step=008816 train=3.3935 val=3.7678
final_ctx128_layers4_lr3e-4 epoch=16.152 step=008900 train=3.4137 val=3.7725
final_ctx128_layers4_lr3e-4 epoch=16.334 step=009000 train=3.3875 val=3.7703
final_ctx128_layers4_lr3e-4 epoch=16.515 step=009100 train=3.3891 val=3.7651
final_ctx128_layers4_lr3e-4 epoch=16.697 step=009200 train=3.4127 val=3.7599
final_ctx128_layers4_lr3e-4 epoch=16.878 step=009300 train=3.3670 val=3.7570
final_ctx128_layers4_lr3e-4 epoch=17.000 step=009367 train=3.3806 val=3.7566
final_ctx128_layers4_lr3e-4 epoch=17.060 step=009400 train=3.3836 val=3.7609
final_ctx128_layers4_lr3e-4 epoch=17.241 step=009500 train=3.3548 val=3.7557
final_ctx128_layers4_lr3e-4 epoch=17.423 step=009600 train=3.3825 val=3.7568
final_ctx128_layers4_lr3e-4 epoch=17.604 step=009700 train=3.3659 val=3.7522
final_ctx128_layers4_lr3e-4 epoch=17.786 step=009800 train=3.3498 val=3.7508
final_ctx128_layers4_lr3e-4 epoch=17.967 step=009900 train=3.3322 val=3.7428
final_ctx128_layers4_lr3e-4 epoch=18.000 step=009918 train=3.3592 val=3.7440
final_ctx128_layers4_lr3e-4 epoch=18.149 step=010000 train=3.3736 val=3.7440
final_ctx128_layers4_lr3e-4 epoch=18.330 step=010100 train=3.3683 val=3.7470
final_ctx128_layers4_lr3e-4 epoch=18.512 step=010200 train=3.3334 val=3.7423
final_ctx128_layers4_lr3e-4 epoch=18.693 step=010300 train=3.3367 val=3.7423
final_ctx128_layers4_lr3e-4 epoch=18.875 step=010400 train=3.3280 val=3.7365
final_ctx128_layers4_lr3e-4 epoch=19.000 step=010469 train=3.3289 val=3.7323
final_ctx128_layers4_lr3e-4 epoch=19.056 step=010500 train=3.3154 val=3.7397
final_ctx128_layers4_lr3e-4 epoch=19.238 step=010600 train=3.3033 val=3.7336
final_ctx128_layers4_lr3e-4 epoch=19.419 step=010700 train=3.3182 val=3.7381
final_ctx128_layers4_lr3e-4 epoch=19.601 step=010800 train=3.2950 val=3.7357
final_ctx128_layers4_lr3e-4 epoch=19.782 step=010900 train=3.3217 val=3.7268
final_ctx128_layers4_lr3e-4 epoch=19.964 step=011000 train=3.2871 val=3.7249
final_ctx128_layers4_lr3e-4 epoch=20.000 step=011020 train=3.2958 val=3.7244
final_ctx128_layers4_lr3e-4 epoch=20.145 step=011100 train=3.3201 val=3.7275
final_ctx128_layers4_lr3e-4 epoch=20.327 step=011200 train=3.2818 val=3.7250
final_ctx128_layers4_lr3e-4 epoch=20.508 step=011300 train=3.2761 val=3.7278
final_ctx128_layers4_lr3e-4 epoch=20.690 step=011400 train=3.2687 val=3.7236
final_ctx128_layers4_lr3e-4 epoch=20.871 step=011500 train=3.2876 val=3.7174
final_ctx128_layers4_lr3e-4 epoch=21.000 step=011571 train=3.2617 val=3.7141
final_ctx128_layers4_lr3e-4 epoch=21.053 step=011600 train=3.2845 val=3.7157
final_ctx128_layers4_lr3e-4 epoch=21.234 step=011700 train=3.2957 val=3.7208
final_ctx128_layers4_lr3e-4 epoch=21.416 step=011800 train=3.2652 val=3.7134
final_ctx128_layers4_lr3e-4 epoch=21.597 step=011900 train=3.2658 val=3.7161
final_ctx128_layers4_lr3e-4 epoch=21.779 step=012000 train=3.2512 val=3.7084
final_ctx128_layers4_lr3e-4 epoch=21.960 step=012100 train=3.2575 val=3.7078
final_ctx128_layers4_lr3e-4 epoch=22.000 step=012122 train=3.2380 val=3.7092
final_ctx128_layers4_lr3e-4 epoch=22.142 step=012200 train=3.2638 val=3.7168
final_ctx128_layers4_lr3e-4 epoch=22.323 step=012300 train=3.2331 val=3.7145
final_ctx128_layers4_lr3e-4 epoch=22.505 step=012400 train=3.2509 val=3.7113
final_ctx128_layers4_lr3e-4 epoch=22.686 step=012500 train=3.2408 val=3.7119
final_ctx128_layers4_lr3e-4 epoch=22.868 step=012600 train=3.2448 val=3.7058
final_ctx128_layers4_lr3e-4 epoch=23.000 step=012673 train=3.2257 val=3.7003
final_ctx128_layers4_lr3e-4 epoch=23.049 step=012700 train=3.2379 val=3.7052
final_ctx128_layers4_lr3e-4 epoch=23.230 step=012800 train=3.2328 val=3.7104
final_ctx128_layers4_lr3e-4 epoch=23.412 step=012900 train=3.2197 val=3.7068
final_ctx128_layers4_lr3e-4 epoch=23.593 step=013000 train=3.2073 val=3.7040
final_ctx128_layers4_lr3e-4 epoch=23.775 step=013100 train=3.2285 val=3.7008
final_ctx128_layers4_lr3e-4 epoch=23.956 step=013200 train=3.1899 val=3.6945
final_ctx128_layers4_lr3e-4 epoch=24.000 step=013224 train=3.1784 val=3.6952
final_ctx128_layers4_lr3e-4 epoch=24.138 step=013300 train=3.2311 val=3.7032
final_ctx128_layers4_lr3e-4 epoch=24.319 step=013400 train=3.2142 val=3.7031
final_ctx128_layers4_lr3e-4 epoch=24.501 step=013500 train=3.2183 val=3.6989
final_ctx128_layers4_lr3e-4 epoch=24.682 step=013600 train=3.1987 val=3.6980
final_ctx128_layers4_lr3e-4 epoch=24.864 step=013700 train=3.1964 val=3.6904
final_ctx128_layers4_lr3e-4 epoch=25.000 step=013775 train=3.1795 val=3.6912
final_ctx128_layers4_lr3e-4 epoch=25.045 step=013800 train=3.1332 val=3.6932
final_ctx128_layers4_lr3e-4 epoch=25.227 step=013900 train=3.1743 val=3.6988
final_ctx128_layers4_lr3e-4 epoch=25.408 step=014000 train=3.1802 val=3.6968
final_ctx128_layers4_lr3e-4 epoch=25.590 step=014100 train=3.1655 val=3.6883
final_ctx128_layers4_lr3e-4 epoch=25.771 step=014200 train=3.1601 val=3.6913
final_ctx128_layers4_lr3e-4 epoch=25.953 step=014300 train=3.1491 val=3.6866
final_ctx128_layers4_lr3e-4 epoch=26.000 step=014326 train=3.1546 val=3.6843
final_ctx128_layers4_lr3e-4 epoch=26.134 step=014400 train=3.1696 val=3.6912
final_ctx128_layers4_lr3e-4 epoch=26.316 step=014500 train=3.1584 val=3.6885
final_ctx128_layers4_lr3e-4 epoch=26.497 step=014600 train=3.1802 val=3.6881
final_ctx128_layers4_lr3e-4 epoch=26.679 step=014700 train=3.1427 val=3.6871
final_ctx128_layers4_lr3e-4 epoch=26.860 step=014800 train=3.1367 val=3.6843
final_ctx128_layers4_lr3e-4 epoch=27.000 step=014877 train=3.1006 val=3.6785
final_ctx128_layers4_lr3e-4 epoch=27.042 step=014900 train=3.1622 val=3.6830
final_ctx128_layers4_lr3e-4 epoch=27.223 step=015000 train=3.1568 val=3.6896
final_ctx128_layers4_lr3e-4 epoch=27.405 step=015100 train=3.1585 val=3.6858
final_ctx128_layers4_lr3e-4 epoch=27.586 step=015200 train=3.1302 val=3.6885
final_ctx128_layers4_lr3e-4 epoch=27.768 step=015300 train=3.1340 val=3.6858
final_ctx128_layers4_lr3e-4 epoch=27.949 step=015400 train=3.1286 val=3.6773
final_ctx128_layers4_lr3e-4 epoch=28.000 step=015428 train=3.1296 val=3.6746
final_ctx128_layers4_lr3e-4 epoch=28.131 step=015500 train=3.1483 val=3.6873
final_ctx128_layers4_lr3e-4 epoch=28.312 step=015600 train=3.0978 val=3.6838
final_ctx128_layers4_lr3e-4 epoch=28.494 step=015700 train=3.1279 val=3.6829
final_ctx128_layers4_lr3e-4 epoch=28.675 step=015800 train=3.0851 val=3.6795
final_ctx128_layers4_lr3e-4 epoch=28.857 step=015900 train=3.1077 val=3.6767
final_ctx128_layers4_lr3e-4 epoch=29.000 step=015979 train=3.0813 val=3.6778
final_ctx128_layers4_lr3e-4 epoch=29.038 step=016000 train=3.1173 val=3.6786
final_ctx128_layers4_lr3e-4 epoch=29.220 step=016100 train=3.1374 val=3.6848
final_ctx128_layers4_lr3e-4 epoch=29.401 step=016200 train=3.0963 val=3.6799
final_ctx128_layers4_lr3e-4 epoch=29.583 step=016300 train=3.1118 val=3.6802
final_ctx128_layers4_lr3e-4 epoch=29.764 step=016400 train=3.1145 val=3.6761
final_ctx128_layers4_lr3e-4 epoch=29.946 step=016500 train=3.1122 val=3.6740
final_ctx128_layers4_lr3e-4 epoch=30.000 step=016530 train=3.0693 val=3.6717
final_ctx128_layers4_lr3e-4 epoch=30.127 step=016600 train=3.1035 val=3.6745
final_ctx128_layers4_lr3e-4 epoch=30.309 step=016700 train=3.0760 val=3.6788
final_ctx128_layers4_lr3e-4 epoch=30.490 step=016800 train=3.0959 val=3.6759
final_ctx128_layers4_lr3e-4 epoch=30.672 step=016900 train=3.0739 val=3.6780
final_ctx128_layers4_lr3e-4 epoch=30.853 step=017000 train=3.0837 val=3.6766
final_ctx128_layers4_lr3e-4 epoch=31.000 step=017081 train=3.0847 val=3.6738
final_ctx128_layers4_lr3e-4 epoch=31.034 step=017100 train=3.0927 val=3.6756
final_ctx128_layers4_lr3e-4 epoch=31.216 step=017200 train=3.0756 val=3.6850
final_ctx128_layers4_lr3e-4 epoch=31.397 step=017300 train=3.1100 val=3.6815
final_ctx128_layers4_lr3e-4 epoch=31.579 step=017400 train=3.0883 val=3.6738
final_ctx128_layers4_lr3e-4 epoch=31.760 step=017500 train=3.0637 val=3.6732
final_ctx128_layers4_lr3e-4 epoch=31.942 step=017600 train=3.0923 val=3.6670
final_ctx128_layers4_lr3e-4 epoch=32.000 step=017632 train=3.0431 val=3.6685
final_ctx128_layers4_lr3e-4 epoch=32.123 step=017700 train=3.0920 val=3.6750
final_ctx128_layers4_lr3e-4 epoch=32.305 step=017800 train=3.0471 val=3.6786
final_ctx128_layers4_lr3e-4 epoch=32.486 step=017900 train=3.0469 val=3.6817
final_ctx128_layers4_lr3e-4 epoch=32.668 step=018000 train=3.0703 val=3.6702
final_ctx128_layers4_lr3e-4 epoch=32.849 step=018100 train=3.0433 val=3.6661
final_ctx128_layers4_lr3e-4 epoch=33.000 step=018183 train=3.0729 val=3.6670
final_ctx128_layers4_lr3e-4 epoch=33.031 step=018200 train=3.0473 val=3.6654
final_ctx128_layers4_lr3e-4 epoch=33.212 step=018300 train=3.0636 val=3.6719
final_ctx128_layers4_lr3e-4 epoch=33.394 step=018400 train=3.0201 val=3.6705
final_ctx128_layers4_lr3e-4 epoch=33.575 step=018500 train=3.0302 val=3.6739
final_ctx128_layers4_lr3e-4 epoch=33.757 step=018600 train=3.0429 val=3.6673
final_ctx128_layers4_lr3e-4 epoch=33.938 step=018700 train=2.9946 val=3.6666
final_ctx128_layers4_lr3e-4 epoch=34.000 step=018734 train=3.0485 val=3.6631
final_ctx128_layers4_lr3e-4 epoch=34.120 step=018800 train=3.0194 val=3.6720
final_ctx128_layers4_lr3e-4 epoch=34.301 step=018900 train=3.0269 val=3.6730
final_ctx128_layers4_lr3e-4 epoch=34.483 step=019000 train=3.0194 val=3.6714
final_ctx128_layers4_lr3e-4 epoch=34.664 step=019100 train=3.0158 val=3.6720
final_ctx128_layers4_lr3e-4 epoch=34.846 step=019200 train=3.0350 val=3.6668
final_ctx128_layers4_lr3e-4 epoch=35.000 step=019285 train=3.0000 val=3.6633
final_ctx128_layers4_lr3e-4 epoch=35.027 step=019300 train=3.0284 val=3.6644
final_ctx128_layers4_lr3e-4 epoch=35.209 step=019400 train=2.9950 val=3.6744
final_ctx128_layers4_lr3e-4 epoch=35.390 step=019500 train=3.0178 val=3.6714
final_ctx128_layers4_lr3e-4 epoch=35.572 step=019600 train=3.0071 val=3.6690
final_ctx128_layers4_lr3e-4 epoch=35.753 step=019700 train=3.0351 val=3.6703
final_ctx128_layers4_lr3e-4 epoch=35.935 step=019800 train=2.9924 val=3.6602
final_ctx128_layers4_lr3e-4 epoch=36.000 step=019836 train=3.0099 val=3.6608
final_ctx128_layers4_lr3e-4 epoch=36.116 step=019900 train=3.0116 val=3.6643
final_ctx128_layers4_lr3e-4 epoch=36.298 step=020000 train=2.9926 val=3.6711
final_ctx128_layers4_lr3e-4 epoch=36.479 step=020100 train=3.0191 val=3.6701
final_ctx128_layers4_lr3e-4 epoch=36.661 step=020200 train=2.9921 val=3.6684
final_ctx128_layers4_lr3e-4 epoch=36.842 step=020300 train=3.0045 val=3.6630
final_ctx128_layers4_lr3e-4 epoch=37.000 step=020387 train=2.9949 val=3.6610
final_ctx128_layers4_lr3e-4 epoch=37.024 step=020400 train=3.0251 val=3.6625
final_ctx128_layers4_lr3e-4 epoch=37.205 step=020500 train=2.9644 val=3.6708
final_ctx128_layers4_lr3e-4 epoch=37.387 step=020600 train=2.9963 val=3.6693
final_ctx128_layers4_lr3e-4 epoch=37.568 step=020700 train=2.9636 val=3.6703
final_ctx128_layers4_lr3e-4 epoch=37.750 step=020800 train=2.9819 val=3.6648
final_ctx128_layers4_lr3e-4 epoch=37.931 step=020900 train=2.9643 val=3.6595
final_ctx128_layers4_lr3e-4 epoch=38.000 step=020938 train=2.9954 val=3.6618
final_ctx128_layers4_lr3e-4 epoch=38.113 step=021000 train=2.9977 val=3.6669
final_ctx128_layers4_lr3e-4 epoch=38.294 step=021100 train=2.9931 val=3.6688
final_ctx128_layers4_lr3e-4 epoch=38.475 step=021200 train=2.9510 val=3.6703
final_ctx128_layers4_lr3e-4 epoch=38.657 step=021300 train=2.9980 val=3.6630
final_ctx128_layers4_lr3e-4 epoch=38.838 step=021400 train=2.9636 val=3.6582
final_ctx128_layers4_lr3e-4 epoch=39.000 step=021489 train=2.9725 val=3.6626
final_ctx128_layers4_lr3e-4 epoch=39.020 step=021500 train=2.9858 val=3.6586
final_ctx128_layers4_lr3e-4 epoch=39.201 step=021600 train=2.9583 val=3.6653
final_ctx128_layers4_lr3e-4 epoch=39.383 step=021700 train=2.9603 val=3.6707
final_ctx128_layers4_lr3e-4 epoch=39.564 step=021800 train=2.9954 val=3.6628
final_ctx128_layers4_lr3e-4 epoch=39.746 step=021900 train=2.9382 val=3.6668
final_ctx128_layers4_lr3e-4 epoch=39.927 step=022000 train=2.9236 val=3.6586
final_ctx128_layers4_lr3e-4 epoch=40.000 step=022040 train=2.9480 val=3.6576
final_ctx128_layers4_lr3e-4 epoch=40.109 step=022100 train=2.9628 val=3.6630
final_ctx128_layers4_lr3e-4 epoch=40.290 step=022200 train=2.9560 val=3.6651
final_ctx128_layers4_lr3e-4 epoch=40.472 step=022300 train=2.9635 val=3.6694
final_ctx128_layers4_lr3e-4 epoch=40.653 step=022400 train=2.9660 val=3.6635
final_ctx128_layers4_lr3e-4 epoch=40.835 step=022500 train=2.9598 val=3.6619
final_ctx128_layers4_lr3e-4 epoch=41.000 step=022591 train=2.9773 val=3.6613
final_ctx128_layers4_lr3e-4 epoch=41.016 step=022600 train=2.9932 val=3.6583
final_ctx128_layers4_lr3e-4 epoch=41.198 step=022700 train=2.9497 val=3.6685
final_ctx128_layers4_lr3e-4 epoch=41.379 step=022800 train=2.9432 val=3.6671
final_ctx128_layers4_lr3e-4 epoch=41.561 step=022900 train=2.9712 val=3.6645
final_ctx128_layers4_lr3e-4 epoch=41.742 step=023000 train=2.9403 val=3.6581
final_ctx128_layers4_lr3e-4 epoch=41.924 step=023100 train=2.9396 val=3.6586
final_ctx128_layers4_lr3e-4 epoch=42.000 step=023142 train=2.9329 val=3.6553
final_ctx128_layers4_lr3e-4 epoch=42.105 step=023200 train=2.9148 val=3.6633
final_ctx128_layers4_lr3e-4 epoch=42.287 step=023300 train=2.9253 val=3.6659
final_ctx128_layers4_lr3e-4 epoch=42.468 step=023400 train=2.9311 val=3.6638
final_ctx128_layers4_lr3e-4 epoch=42.650 step=023500 train=2.9246 val=3.6622
final_ctx128_layers4_lr3e-4 epoch=42.831 step=023600 train=2.9137 val=3.6536
final_ctx128_layers4_lr3e-4 epoch=43.000 step=023693 train=2.9364 val=3.6539
final_ctx128_layers4_lr3e-4 epoch=43.013 step=023700 train=2.9228 val=3.6561
final_ctx128_layers4_lr3e-4 epoch=43.194 step=023800 train=2.9167 val=3.6626
final_ctx128_layers4_lr3e-4 epoch=43.376 step=023900 train=2.9367 val=3.6664
final_ctx128_layers4_lr3e-4 epoch=43.557 step=024000 train=2.9278 val=3.6648
final_ctx128_layers4_lr3e-4 epoch=43.739 step=024100 train=2.9011 val=3.6594
final_ctx128_layers4_lr3e-4 epoch=43.920 step=024200 train=2.9384 val=3.6588
final_ctx128_layers4_lr3e-4 epoch=44.000 step=024244 train=2.9109 val=3.6571
final_ctx128_layers4_lr3e-4 epoch=44.102 step=024300 train=2.9368 val=3.6588
final_ctx128_layers4_lr3e-4 epoch=44.283 step=024400 train=2.9192 val=3.6660
final_ctx128_layers4_lr3e-4 epoch=44.465 step=024500 train=2.9303 val=3.6700
final_ctx128_layers4_lr3e-4 epoch=44.646 step=024600 train=2.9135 val=3.6617
final_ctx128_layers4_lr3e-4 epoch=44.828 step=024700 train=2.8790 val=3.6595
final_ctx128_layers4_lr3e-4 epoch=45.000 step=024795 train=2.8971 val=3.6534
final_ctx128_layers4_lr3e-4 epoch=45.009 step=024800 train=2.8909 val=3.6546
final_ctx128_layers4_lr3e-4 epoch=45.191 step=024900 train=2.8905 val=3.6665
final_ctx128_layers4_lr3e-4 epoch=45.372 step=025000 train=2.8931 val=3.6647
final_ctx128_layers4_lr3e-4 epoch=45.554 step=025100 train=2.8960 val=3.6628
final_ctx128_layers4_lr3e-4 epoch=45.735 step=025200 train=2.8943 val=3.6610
final_ctx128_layers4_lr3e-4 epoch=45.917 step=025300 train=2.9049 val=3.6559
final_ctx128_layers4_lr3e-4 epoch=46.000 step=025346 train=2.9101 val=3.6515
final_ctx128_layers4_lr3e-4 epoch=46.098 step=025400 train=2.9244 val=3.6631
final_ctx128_layers4_lr3e-4 epoch=46.279 step=025500 train=2.9097 val=3.6718
final_ctx128_layers4_lr3e-4 epoch=46.461 step=025600 train=2.8901 val=3.6662
final_ctx128_layers4_lr3e-4 epoch=46.642 step=025700 train=2.9031 val=3.6619
final_ctx128_layers4_lr3e-4 epoch=46.824 step=025800 train=2.8888 val=3.6609
final_ctx128_layers4_lr3e-4 epoch=47.000 step=025897 train=2.9071 val=3.6574
final_ctx128_layers4_lr3e-4 epoch=47.005 step=025900 train=2.8892 val=3.6567
final_ctx128_layers4_lr3e-4 epoch=47.187 step=026000 train=2.8807 val=3.6692
final_ctx128_layers4_lr3e-4 epoch=47.368 step=026100 train=2.9037 val=3.6657
final_ctx128_layers4_lr3e-4 epoch=47.550 step=026200 train=2.8926 val=3.6606
final_ctx128_layers4_lr3e-4 epoch=47.731 step=026300 train=2.8972 val=3.6632
final_ctx128_layers4_lr3e-4 epoch=47.913 step=026400 train=2.8829 val=3.6595
final_ctx128_layers4_lr3e-4 epoch=48.000 step=026448 train=2.8744 val=3.6502
final_ctx128_layers4_lr3e-4 epoch=48.094 step=026500 train=2.8918 val=3.6603
final_ctx128_layers4_lr3e-4 epoch=48.276 step=026600 train=2.8687 val=3.6684
final_ctx128_layers4_lr3e-4 epoch=48.457 step=026700 train=2.8556 val=3.6606
final_ctx128_layers4_lr3e-4 epoch=48.639 step=026800 train=2.8697 val=3.6652
final_ctx128_layers4_lr3e-4 epoch=48.820 step=026900 train=2.8631 val=3.6631
final_ctx128_layers4_lr3e-4 epoch=49.000 step=026999 train=2.8485 val=3.6534
final_ctx128_layers4_lr3e-4 epoch=49.002 step=027000 train=2.8800 val=3.6529
final_ctx128_layers4_lr3e-4 epoch=49.183 step=027100 train=2.8660 val=3.6657
final_ctx128_layers4_lr3e-4 epoch=49.365 step=027200 train=2.8586 val=3.6707
final_ctx128_layers4_lr3e-4 epoch=49.546 step=027300 train=2.8545 val=3.6562
final_ctx128_layers4_lr3e-4 epoch=49.728 step=027400 train=2.8567 val=3.6590
final_ctx128_layers4_lr3e-4 epoch=49.909 step=027500 train=2.8665 val=3.6561
final_ctx128_layers4_lr3e-4 epoch=50.000 step=027550 train=2.8389 val=3.6532
final_ctx128_layers4_lr3e-4 epoch=50.091 step=027600 train=2.8198 val=3.6638
final_ctx128_layers4_lr3e-4 epoch=50.272 step=027700 train=2.8947 val=3.6637
final_ctx128_layers4_lr3e-4 epoch=50.454 step=027800 train=2.8579 val=3.6616
final_ctx128_layers4_lr3e-4 epoch=50.635 step=027900 train=2.8348 val=3.6619
final_ctx128_layers4_lr3e-4 epoch=50.817 step=028000 train=2.8416 val=3.6600
final_ctx128_layers4_lr3e-4 epoch=50.998 step=028100 train=2.8688 val=3.6547
final_ctx128_layers4_lr3e-4 epoch=51.000 step=028101 train=2.8541 val=3.6550
final_ctx128_layers4_lr3e-4 epoch=51.180 step=028200 train=2.8465 val=3.6704
final_ctx128_layers4_lr3e-4 epoch=51.361 step=028300 train=2.8583 val=3.6655
final_ctx128_layers4_lr3e-4 epoch=51.543 step=028400 train=2.8444 val=3.6673
final_ctx128_layers4_lr3e-4 epoch=51.724 step=028500 train=2.8503 val=3.6603
final_ctx128_layers4_lr3e-4 epoch=51.906 step=028600 train=2.8371 val=3.6624
final_ctx128_layers4_lr3e-4 epoch=52.000 step=028652 train=2.8365 val=3.6557
final_ctx128_layers4_lr3e-4 epoch=52.087 step=028700 train=2.8332 val=3.6629
final_ctx128_layers4_lr3e-4 epoch=52.269 step=028800 train=2.8269 val=3.6704
final_ctx128_layers4_lr3e-4 epoch=52.450 step=028900 train=2.8536 val=3.6673
final_ctx128_layers4_lr3e-4 epoch=52.632 step=029000 train=2.8423 val=3.6601
final_ctx128_layers4_lr3e-4 epoch=52.813 step=029100 train=2.8310 val=3.6560
final_ctx128_layers4_lr3e-4 epoch=52.995 step=029200 train=2.8156 val=3.6512
final_ctx128_layers4_lr3e-4 epoch=53.000 step=029203 train=2.8548 val=3.6515
final_ctx128_layers4_lr3e-4 epoch=53.176 step=029300 train=2.8329 val=3.6618
final_ctx128_layers4_lr3e-4 epoch=53.358 step=029400 train=2.8242 val=3.6594
final_ctx128_layers4_lr3e-4 epoch=53.539 step=029500 train=2.8413 val=3.6596
final_ctx128_layers4_lr3e-4 epoch=53.721 step=029600 train=2.8586 val=3.6575
final_ctx128_layers4_lr3e-4 epoch=53.902 step=029700 train=2.8367 val=3.6577
final_ctx128_layers4_lr3e-4 epoch=54.000 step=029754 train=2.8253 val=3.6581
final_ctx128_layers4_lr3e-4 epoch=54.083 step=029800 train=2.7962 val=3.6586
final_ctx128_layers4_lr3e-4 epoch=54.265 step=029900 train=2.7762 val=3.6664
final_ctx128_layers4_lr3e-4 epoch=54.446 step=030000 train=2.8139 val=3.6626
final_ctx128_layers4_lr3e-4 epoch=54.628 step=030100 train=2.8174 val=3.6616
final_ctx128_layers4_lr3e-4 epoch=54.809 step=030200 train=2.8197 val=3.6559
final_ctx128_layers4_lr3e-4 epoch=54.991 step=030300 train=2.8072 val=3.6544
final_ctx128_layers4_lr3e-4 epoch=55.000 step=030305 train=2.8275 val=3.6540
final_ctx128_layers4_lr3e-4 epoch=55.172 step=030400 train=2.8126 val=3.6671
final_ctx128_layers4_lr3e-4 epoch=55.354 step=030500 train=2.7806 val=3.6613
final_ctx128_layers4_lr3e-4 epoch=55.535 step=030600 train=2.8164 val=3.6609
final_ctx128_layers4_lr3e-4 epoch=55.717 step=030700 train=2.8326 val=3.6619
final_ctx128_layers4_lr3e-4 epoch=55.898 step=030800 train=2.8227 val=3.6571
final_ctx128_layers4_lr3e-4 epoch=56.000 step=030856 train=2.8017 val=3.6519
final_ctx128_layers4_lr3e-4 epoch=56.080 step=030900 train=2.8413 val=3.6583
final_ctx128_layers4_lr3e-4 epoch=56.261 step=031000 train=2.7804 val=3.6657
final_ctx128_layers4_lr3e-4 epoch=56.443 step=031100 train=2.7899 val=3.6648
final_ctx128_layers4_lr3e-4 epoch=56.624 step=031200 train=2.7888 val=3.6604
final_ctx128_layers4_lr3e-4 epoch=56.806 step=031300 train=2.8057 val=3.6541
final_ctx128_layers4_lr3e-4 epoch=56.987 step=031400 train=2.8247 val=3.6522
final_ctx128_layers4_lr3e-4 epoch=57.000 step=031407 train=2.8066 val=3.6522
final_ctx128_layers4_lr3e-4 epoch=57.169 step=031500 train=2.7831 val=3.6680
final_ctx128_layers4_lr3e-4 epoch=57.350 step=031600 train=2.7980 val=3.6721
final_ctx128_layers4_lr3e-4 epoch=57.532 step=031700 train=2.8274 val=3.6694
final_ctx128_layers4_lr3e-4 epoch=57.713 step=031800 train=2.7894 val=3.6618
final_ctx128_layers4_lr3e-4 epoch=57.895 step=031900 train=2.7627 val=3.6584
final_ctx128_layers4_lr3e-4 epoch=58.000 step=031958 train=2.7806 val=3.6509
final_ctx128_layers4_lr3e-4 epoch=58.076 step=032000 train=2.7823 val=3.6601
final_ctx128_layers4_lr3e-4 epoch=58.258 step=032100 train=2.7703 val=3.6664
final_ctx128_layers4_lr3e-4 epoch=58.439 step=032200 train=2.7944 val=3.6670
final_ctx128_layers4_lr3e-4 epoch=58.621 step=032300 train=2.8054 val=3.6640
final_ctx128_layers4_lr3e-4 epoch=58.802 step=032400 train=2.7890 val=3.6574
