stage=prepare_data
이미 존재합니다: C:\sw\gpt-lab\data\ratings_train.txt
이미 존재합니다: C:\sw\gpt-lab\data\ratings_test.txt
사전 학습 train 텍스트: C:\sw\gpt-lab\data\nsmc_lm_train.txt (1,379,486자)
사전 학습 val 텍스트: C:\sw\gpt-lab\data\nsmc_lm_val.txt (120,560자)
감성 분류 train: C:\sw\gpt-lab\data\nsmc_sentiment_train.jsonl (137,996개)
감성 분류 val: C:\sw\gpt-lab\data\nsmc_sentiment_val.jsonl (11,999개)
감성 분류 test: C:\sw\gpt-lab\data\nsmc_sentiment_test.jsonl (49,997개)
stage=read_text
stage=train_bpe
stage=encode_text
stage=create_loaders
stage=create_model device=cpu
stage=train_model
에포크 1 (Step 000100): 훈련 손실 4.073, 검증 손실 4.051
에포크 1 (Step 000200): 훈련 손실 3.449, 검증 손실 3.402
에포크 1 (Step 000300): 훈련 손실 3.225, 검증 손실 3.187
에포크 1 (Step 000400): 훈련 손실 3.112, 검증 손실 3.059
에포크 1 (Step 000500): 훈련 손실 2.967, 검증 손실 2.954
에포크 1 (Step 000600): 훈련 손실 2.876, 검증 손실 2.858
에포크 1 (Step 000700): 훈련 손실 2.745, 검증 손실 2.775
에포크 1 (Step 000800): 훈련 손실 2.724, 검증 손실 2.728
에포크 1 (Step 000900): 훈련 손실 2.720, 검증 손실 2.690
에포크 1 (Step 001000): 훈련 손실 2.666, 검증 손실 2.662
에포크 1 (Step 001100): 훈련 손실 2.679, 검증 손실 2.638
에포크 1 (Step 001200): 훈련 손실 2.614, 검증 손실 2.612
에포크 1 (Step 001300): 훈련 손실 2.583, 검증 손실 2.595
에포크 1 (Step 001400): 훈련 손실 2.581, 검증 손실 2.571
에포크 1 (Step 001500): 훈련 손실 2.560, 검증 손실 2.550
에포크 1 (Step 001600): 훈련 손실 2.547, 검증 손실 2.535
에포크 1 (Step 001700): 훈련 손실 2.528, 검증 손실 2.518
에포크 1 (Step 001800): 훈련 손실 2.527, 검증 손실 2.502
에포크 1 (Step 001900): 훈련 손실 2.484, 검증 손실 2.488
에포크 1 (Step 002000): 훈련 손실 2.481, 검증 손실 2.475
에포크 1 (Step 002100): 훈련 손실 2.472, 검증 손실 2.462
에포크 1 (Step 002200): 훈련 손실 2.499, 검증 손실 2.452
에포크 1 (Step 002300): 훈련 손실 2.454, 검증 손실 2.442
에포크 2 (Step 002400): 훈련 손실 2.444, 검증 손실 2.430
에포크 2 (Step 002500): 훈련 손실 2.424, 검증 손실 2.420
에포크 2 (Step 002600): 훈련 손실 2.404, 검증 손실 2.407
에포크 2 (Step 002700): 훈련 손실 2.421, 검증 손실 2.404
에포크 2 (Step 002800): 훈련 손실 2.392, 검증 손실 2.396
에포크 2 (Step 002900): 훈련 손실 2.400, 검증 손실 2.387
에포크 2 (Step 003000): 훈련 손실 2.371, 검증 손실 2.376
에포크 2 (Step 003100): 훈련 손실 2.382, 검증 손실 2.370
에포크 2 (Step 003200): 훈련 손실 2.367, 검증 손실 2.364
에포크 2 (Step 003300): 훈련 손실 2.376, 검증 손실 2.358
에포크 2 (Step 003400): 훈련 손실 2.349, 검증 손실 2.349
에포크 2 (Step 003500): 훈련 손실 2.366, 검증 손실 2.340
에포크 2 (Step 003600): 훈련 손실 2.364, 검증 손실 2.333
에포크 2 (Step 003700): 훈련 손실 2.334, 검증 손실 2.329
에포크 2 (Step 003800): 훈련 손실 2.326, 검증 손실 2.324
에포크 2 (Step 003900): 훈련 손실 2.330, 검증 손실 2.315
에포크 2 (Step 004000): 훈련 손실 2.308, 검증 손실 2.310
에포크 2 (Step 004100): 훈련 손실 2.303, 검증 손실 2.305
에포크 2 (Step 004200): 훈련 손실 2.306, 검증 손실 2.298
에포크 2 (Step 004300): 훈련 손실 2.317, 검증 손실 2.294
에포크 2 (Step 004400): 훈련 손실 2.297, 검증 손실 2.290
에포크 2 (Step 004500): 훈련 손실 2.291, 검증 손실 2.283
에포크 2 (Step 004600): 훈련 손실 2.310, 검증 손실 2.281
에포크 2 (Step 004700): 훈련 손실 2.283, 검증 손실 2.273
에포크 3 (Step 004800): 훈련 손실 2.256, 검증 손실 2.267
에포크 3 (Step 004900): 훈련 손실 2.299, 검증 손실 2.261
에포크 3 (Step 005000): 훈련 손실 2.268, 검증 손실 2.259
에포크 3 (Step 005100): 훈련 손실 2.265, 검증 손실 2.256
에포크 3 (Step 005200): 훈련 손실 2.274, 검증 손실 2.245
에포크 3 (Step 005300): 훈련 손실 2.235, 검증 손실 2.244
에포크 3 (Step 005400): 훈련 손실 2.250, 검증 손실 2.240
에포크 3 (Step 005500): 훈련 손실 2.249, 검증 손실 2.236
에포크 3 (Step 005600): 훈련 손실 2.213, 검증 손실 2.234
에포크 3 (Step 005700): 훈련 손실 2.246, 검증 손실 2.229
에포크 3 (Step 005800): 훈련 손실 2.205, 검증 손실 2.223
에포크 3 (Step 005900): 훈련 손실 2.215, 검증 손실 2.220
에포크 3 (Step 006000): 훈련 손실 2.227, 검증 손실 2.216
에포크 3 (Step 006100): 훈련 손실 2.227, 검증 손실 2.208
에포크 3 (Step 006200): 훈련 손실 2.230, 검증 손실 2.212
에포크 3 (Step 006300): 훈련 손실 2.218, 검증 손실 2.205
에포크 3 (Step 006400): 훈련 손실 2.219, 검증 손실 2.200
에포크 3 (Step 006500): 훈련 손실 2.179, 검증 손실 2.200
에포크 3 (Step 006600): 훈련 손실 2.217, 검증 손실 2.196
에포크 3 (Step 006700): 훈련 손실 2.189, 검증 손실 2.194
에포크 3 (Step 006800): 훈련 손실 2.211, 검증 손실 2.189
에포크 3 (Step 006900): 훈련 손실 2.191, 검증 손실 2.184
에포크 3 (Step 007000): 훈련 손실 2.196, 검증 손실 2.185
에포크 4 (Step 007100): 훈련 손실 2.186, 검증 손실 2.180
에포크 4 (Step 007200): 훈련 손실 2.202, 검증 손실 2.176
에포크 4 (Step 007300): 훈련 손실 2.178, 검증 손실 2.173
에포크 4 (Step 007400): 훈련 손실 2.188, 검증 손실 2.170
에포크 4 (Step 007500): 훈련 손실 2.189, 검증 손실 2.173
에포크 4 (Step 007600): 훈련 손실 2.162, 검증 손실 2.165
에포크 4 (Step 007700): 훈련 손실 2.153, 검증 손실 2.164
에포크 4 (Step 007800): 훈련 손실 2.166, 검증 손실 2.162
에포크 4 (Step 007900): 훈련 손실 2.184, 검증 손실 2.156
에포크 4 (Step 008000): 훈련 손실 2.141, 검증 손실 2.155
에포크 4 (Step 008100): 훈련 손실 2.174, 검증 손실 2.150
에포크 4 (Step 008200): 훈련 손실 2.162, 검증 손실 2.150
에포크 4 (Step 008300): 훈련 손실 2.141, 검증 손실 2.146
에포크 4 (Step 008400): 훈련 손실 2.131, 검증 손실 2.147
에포크 4 (Step 008500): 훈련 손실 2.152, 검증 손실 2.146
에포크 4 (Step 008600): 훈련 손실 2.163, 검증 손실 2.139
에포크 4 (Step 008700): 훈련 손실 2.115, 검증 손실 2.137
에포크 4 (Step 008800): 훈련 손실 2.143, 검증 손실 2.134
에포크 4 (Step 008900): 훈련 손실 2.139, 검증 손실 2.132
에포크 4 (Step 009000): 훈련 손실 2.134, 검증 손실 2.128
에포크 4 (Step 009100): 훈련 손실 2.126, 검증 손실 2.128
에포크 4 (Step 009200): 훈련 손실 2.119, 검증 손실 2.120
에포크 4 (Step 009300): 훈련 손실 2.120, 검증 손실 2.119
에포크 4 (Step 009400): 훈련 손실 2.147, 검증 손실 2.121
에포크 5 (Step 009500): 훈련 손실 2.112, 검증 손실 2.117
에포크 5 (Step 009600): 훈련 손실 2.120, 검증 손실 2.115
에포크 5 (Step 009700): 훈련 손실 2.130, 검증 손실 2.112
에포크 5 (Step 009800): 훈련 손실 2.095, 검증 손실 2.109
에포크 5 (Step 009900): 훈련 손실 2.120, 검증 손실 2.108
에포크 5 (Step 010000): 훈련 손실 2.118, 검증 손실 2.108
에포크 5 (Step 010100): 훈련 손실 2.105, 검증 손실 2.102
에포크 5 (Step 010200): 훈련 손실 2.102, 검증 손실 2.102
에포크 5 (Step 010300): 훈련 손실 2.105, 검증 손실 2.099
에포크 5 (Step 010400): 훈련 손실 2.098, 검증 손실 2.098
에포크 5 (Step 010500): 훈련 손실 2.120, 검증 손실 2.097
에포크 5 (Step 010600): 훈련 손실 2.091, 검증 손실 2.095
에포크 5 (Step 010700): 훈련 손실 2.096, 검증 손실 2.095
에포크 5 (Step 010800): 훈련 손실 2.105, 검증 손실 2.090
에포크 5 (Step 010900): 훈련 손실 2.086, 검증 손실 2.087
에포크 5 (Step 011000): 훈련 손실 2.094, 검증 손실 2.085
에포크 5 (Step 011100): 훈련 손실 2.105, 검증 손실 2.085
에포크 5 (Step 011200): 훈련 손실 2.098, 검증 손실 2.082
에포크 5 (Step 011300): 훈련 손실 2.052, 검증 손실 2.084
에포크 5 (Step 011400): 훈련 손실 2.091, 검증 손실 2.076
에포크 5 (Step 011500): 훈련 손실 2.094, 검증 손실 2.076
에포크 5 (Step 011600): 훈련 손실 2.124, 검증 손실 2.075
에포크 5 (Step 011700): 훈련 손실 2.085, 검증 손실 2.073
에포크 5 (Step 011800): 훈련 손실 2.080, 검증 손실 2.073
stage=save_artifacts
saved: C:\sw\gpt-lab\outputs\nsmc_report\losses.csv
saved: C:\sw\gpt-lab\outputs\nsmc_report\losses.png
saved: C:\sw\gpt-lab\outputs\nsmc_report\final_checkpoint.pt
final_train_loss=2.079643952846527
final_val_loss=2.0731821715831757
