이미 존재합니다: C:\sw\gpt-lab\data\ratings_train.txt
이미 존재합니다: C:\sw\gpt-lab\data\ratings_test.txt
사전 학습 train 텍스트: C:\sw\gpt-lab\data\nsmc_lm_train.txt (1,379,486자)
사전 학습 val 텍스트: C:\sw\gpt-lab\data\nsmc_lm_val.txt (120,560자)
감성 분류 train: C:\sw\gpt-lab\data\nsmc_sentiment_train.jsonl (137,996개)
감성 분류 val: C:\sw\gpt-lab\data\nsmc_sentiment_val.jsonl (11,999개)
감성 분류 test: C:\sw\gpt-lab\data\nsmc_sentiment_test.jsonl (49,997개)
device=cpu
preset=pilot
train_chars=1379486 val_chars=120560
lr_1e-4 epoch=0.061 step=000100 train=5.5737 val=5.5695
lr_1e-4 epoch=0.121 step=000200 train=5.3336 val=5.3344
lr_1e-4 epoch=0.182 step=000300 train=5.2497 val=5.2353
lr_1e-4 epoch=0.242 step=000400 train=5.0951 val=5.0852
lr_1e-4 epoch=0.303 step=000500 train=4.9360 val=4.9162
lr_1e-4 epoch=0.363 step=000600 train=4.7769 val=4.7404
lr_1e-4 epoch=0.424 step=000700 train=4.5801 val=4.5692
lr_1e-4 epoch=0.484 step=000800 train=4.4260 val=4.4161
lr_1e-4 epoch=0.545 step=000900 train=4.2842 val=4.2832
lr_1e-4 epoch=0.605 step=001000 train=4.1976 val=4.1777
lr_1e-4 epoch=0.666 step=001100 train=4.0920 val=4.0940
lr_1e-4 epoch=0.726 step=001200 train=4.0245 val=4.0244
lr_1e-4 epoch=0.787 step=001300 train=3.9873 val=3.9691
lr_1e-4 epoch=0.847 step=001400 train=3.9420 val=3.9211
lr_1e-4 epoch=0.908 step=001500 train=3.9128 val=3.8793
lr_1e-4 epoch=0.969 step=001600 train=3.8309 val=3.8438
lr_1e-4 epoch=1.000 step=001652 train=3.8432 val=3.8261
lr_1e-4 epoch=1.029 step=001700 train=3.8095 val=3.8120
lr_1e-4 epoch=1.090 step=001800 train=3.8091 val=3.7830
lr_1e-4 epoch=1.150 step=001900 train=3.7599 val=3.7569
lr_1e-4 epoch=1.211 step=002000 train=3.7146 val=3.7342
lr_1e-4 epoch=1.271 step=002100 train=3.7286 val=3.7138
lr_1e-4 epoch=1.332 step=002200 train=3.6935 val=3.6904
lr_1e-4 epoch=1.392 step=002300 train=3.6903 val=3.6724
lr_1e-4 epoch=1.453 step=002400 train=3.6587 val=3.6522
lr_1e-4 epoch=1.513 step=002500 train=3.6239 val=3.6355
lr_1e-4 epoch=1.574 step=002600 train=3.6106 val=3.6196
lr_1e-4 epoch=1.634 step=002700 train=3.6028 val=3.6055
lr_1e-4 epoch=1.695 step=002800 train=3.5855 val=3.5902
lr_1e-4 epoch=1.755 step=002900 train=3.5772 val=3.5754
lr_1e-4 epoch=1.816 step=003000 train=3.5849 val=3.5609
lr_1e-4 epoch=1.877 step=003100 train=3.5397 val=3.5475
lr_1e-4 epoch=1.937 step=003200 train=3.5227 val=3.5344
lr_1e-4 epoch=1.998 step=003300 train=3.5346 val=3.5222
lr_1e-4 epoch=2.000 step=003304 train=3.5061 val=3.5216
lr_3e-4 epoch=0.061 step=000100 train=5.2601 val=5.2523
lr_3e-4 epoch=0.121 step=000200 train=4.8056 val=4.8065
lr_3e-4 epoch=0.182 step=000300 train=4.3841 val=4.3428
lr_3e-4 epoch=0.242 step=000400 train=4.0808 val=4.0603
lr_3e-4 epoch=0.303 step=000500 train=3.9223 val=3.9036
lr_3e-4 epoch=0.363 step=000600 train=3.8466 val=3.7991
lr_3e-4 epoch=0.424 step=000700 train=3.7161 val=3.7232
lr_3e-4 epoch=0.484 step=000800 train=3.6649 val=3.6649
lr_3e-4 epoch=0.545 step=000900 train=3.6177 val=3.6113
lr_3e-4 epoch=0.605 step=001000 train=3.5758 val=3.5654
lr_3e-4 epoch=0.666 step=001100 train=3.5160 val=3.5225
lr_3e-4 epoch=0.726 step=001200 train=3.4663 val=3.4861
lr_3e-4 epoch=0.787 step=001300 train=3.4569 val=3.4579
lr_3e-4 epoch=0.847 step=001400 train=3.4559 val=3.4311
lr_3e-4 epoch=0.908 step=001500 train=3.4211 val=3.4060
lr_3e-4 epoch=0.969 step=001600 train=3.3538 val=3.3844
lr_3e-4 epoch=1.000 step=001652 train=3.3767 val=3.3733
lr_3e-4 epoch=1.029 step=001700 train=3.3529 val=3.3669
lr_3e-4 epoch=1.090 step=001800 train=3.3680 val=3.3489
lr_3e-4 epoch=1.150 step=001900 train=3.3309 val=3.3365
lr_3e-4 epoch=1.211 step=002000 train=3.2995 val=3.3181
lr_3e-4 epoch=1.271 step=002100 train=3.3022 val=3.3059
lr_3e-4 epoch=1.332 step=002200 train=3.2811 val=3.2860
lr_3e-4 epoch=1.392 step=002300 train=3.2799 val=3.2717
lr_3e-4 epoch=1.453 step=002400 train=3.2505 val=3.2604
lr_3e-4 epoch=1.513 step=002500 train=3.2265 val=3.2525
lr_3e-4 epoch=1.574 step=002600 train=3.2151 val=3.2385
lr_3e-4 epoch=1.634 step=002700 train=3.2212 val=3.2265
lr_3e-4 epoch=1.695 step=002800 train=3.1956 val=3.2152
lr_3e-4 epoch=1.755 step=002900 train=3.1999 val=3.2063
lr_3e-4 epoch=1.816 step=003000 train=3.2039 val=3.1934
lr_3e-4 epoch=1.877 step=003100 train=3.1666 val=3.1845
lr_3e-4 epoch=1.937 step=003200 train=3.1462 val=3.1738
lr_3e-4 epoch=1.998 step=003300 train=3.1630 val=3.1629
lr_3e-4 epoch=2.000 step=003304 train=3.1424 val=3.1618
lr_5e-4 epoch=0.061 step=000100 train=5.0339 val=5.0232
lr_5e-4 epoch=0.121 step=000200 train=4.3012 val=4.2943
lr_5e-4 epoch=0.182 step=000300 train=3.9831 val=3.9354
lr_5e-4 epoch=0.242 step=000400 train=3.7854 val=3.7741
lr_5e-4 epoch=0.303 step=000500 train=3.6796 val=3.6698
lr_5e-4 epoch=0.363 step=000600 train=3.6272 val=3.5889
lr_5e-4 epoch=0.424 step=000700 train=3.5061 val=3.5181
lr_5e-4 epoch=0.484 step=000800 train=3.4595 val=3.4693
lr_5e-4 epoch=0.545 step=000900 train=3.4287 val=3.4271
lr_5e-4 epoch=0.605 step=001000 train=3.3972 val=3.3916
lr_5e-4 epoch=0.666 step=001100 train=3.3566 val=3.3617
lr_5e-4 epoch=0.726 step=001200 train=3.3080 val=3.3302
lr_5e-4 epoch=0.787 step=001300 train=3.3066 val=3.3097
lr_5e-4 epoch=0.847 step=001400 train=3.3132 val=3.2902
lr_5e-4 epoch=0.908 step=001500 train=3.2809 val=3.2660
lr_5e-4 epoch=0.969 step=001600 train=3.2111 val=3.2428
lr_5e-4 epoch=1.000 step=001652 train=3.2311 val=3.2329
lr_5e-4 epoch=1.029 step=001700 train=3.2087 val=3.2258
lr_5e-4 epoch=1.090 step=001800 train=3.2289 val=3.2093
lr_5e-4 epoch=1.150 step=001900 train=3.1903 val=3.1976
lr_5e-4 epoch=1.211 step=002000 train=3.1592 val=3.1770
lr_5e-4 epoch=1.271 step=002100 train=3.1553 val=3.1616
lr_5e-4 epoch=1.332 step=002200 train=3.1349 val=3.1429
lr_5e-4 epoch=1.392 step=002300 train=3.1383 val=3.1278
lr_5e-4 epoch=1.453 step=002400 train=3.1017 val=3.1135
lr_5e-4 epoch=1.513 step=002500 train=3.0833 val=3.1037
lr_5e-4 epoch=1.574 step=002600 train=3.0695 val=3.0893
lr_5e-4 epoch=1.634 step=002700 train=3.0779 val=3.0786
lr_5e-4 epoch=1.695 step=002800 train=3.0417 val=3.0656
lr_5e-4 epoch=1.755 step=002900 train=3.0521 val=3.0583
lr_5e-4 epoch=1.816 step=003000 train=3.0573 val=3.0425
lr_5e-4 epoch=1.877 step=003100 train=3.0186 val=3.0318
lr_5e-4 epoch=1.937 step=003200 train=2.9945 val=3.0221
lr_5e-4 epoch=1.998 step=003300 train=3.0091 val=3.0114
lr_5e-4 epoch=2.000 step=003304 train=2.9876 val=3.0098
ctx_128 epoch=0.091 step=000100 train=5.1880 val=5.1768
ctx_128 epoch=0.182 step=000200 train=4.7027 val=4.6794
ctx_128 epoch=0.272 step=000300 train=4.2517 val=4.2210
ctx_128 epoch=0.363 step=000400 train=3.9836 val=3.9972
ctx_128 epoch=0.454 step=000500 train=3.8766 val=3.8745
ctx_128 epoch=0.545 step=000600 train=3.8223 val=3.7921
ctx_128 epoch=0.636 step=000700 train=3.7277 val=3.7354
ctx_128 epoch=0.727 step=000800 train=3.6768 val=3.6891
ctx_128 epoch=0.817 step=000900 train=3.6463 val=3.6566
ctx_128 epoch=0.908 step=001000 train=3.6243 val=3.6285
ctx_128 epoch=0.999 step=001100 train=3.5836 val=3.5993
ctx_128 epoch=1.000 step=001101 train=3.5821 val=3.5980
ctx_128 epoch=1.090 step=001200 train=3.5729 val=3.5781
ctx_128 epoch=1.181 step=001300 train=3.5651 val=3.5609
ctx_128 epoch=1.272 step=001400 train=3.5393 val=3.5388
ctx_128 epoch=1.362 step=001500 train=3.5210 val=3.5193
ctx_128 epoch=1.453 step=001600 train=3.4647 val=3.5026
ctx_128 epoch=1.544 step=001700 train=3.4836 val=3.4803
ctx_128 epoch=1.635 step=001800 train=3.4172 val=3.4616
ctx_128 epoch=1.726 step=001900 train=3.4126 val=3.4326
ctx_128 epoch=1.817 step=002000 train=3.4049 val=3.4174
ctx_128 epoch=1.907 step=002100 train=3.4040 val=3.3923
ctx_128 epoch=1.998 step=002200 train=3.3503 val=3.3771
ctx_128 epoch=2.000 step=002202 train=3.3487 val=3.3777
layers_4 epoch=0.045 step=000100 train=5.1721 val=5.1613
layers_4 epoch=0.091 step=000200 train=4.6406 val=4.6316
layers_4 epoch=0.136 step=000300 train=4.2028 val=4.2025
layers_4 epoch=0.182 step=000400 train=3.9925 val=3.9831
layers_4 epoch=0.227 step=000500 train=3.8408 val=3.8516
layers_4 epoch=0.272 step=000600 train=3.7701 val=3.7660
layers_4 epoch=0.318 step=000700 train=3.7316 val=3.6958
layers_4 epoch=0.363 step=000800 train=3.6305 val=3.6408
layers_4 epoch=0.409 step=000900 train=3.5834 val=3.5961
layers_4 epoch=0.454 step=001000 train=3.6118 val=3.5550
layers_4 epoch=0.499 step=001100 train=3.5503 val=3.5190
layers_4 epoch=0.545 step=001200 train=3.5115 val=3.4782
layers_4 epoch=0.590 step=001300 train=3.4784 val=3.4508
layers_4 epoch=0.635 step=001400 train=3.4039 val=3.4186
layers_4 epoch=0.681 step=001500 train=3.3547 val=3.3921
layers_4 epoch=0.726 step=001600 train=3.3858 val=3.3716
layers_4 epoch=0.772 step=001700 train=3.3580 val=3.3534
layers_4 epoch=0.817 step=001800 train=3.3399 val=3.3328
layers_4 epoch=0.862 step=001900 train=3.3337 val=3.3169
layers_4 epoch=0.908 step=002000 train=3.2935 val=3.3015
layers_4 epoch=0.953 step=002100 train=3.2440 val=3.2853
layers_4 epoch=0.999 step=002200 train=3.2700 val=3.2694
layers_4 epoch=1.000 step=002203 train=3.2867 val=3.2680
layers_4 epoch=1.044 step=002300 train=3.2772 val=3.2507
layers_4 epoch=1.089 step=002400 train=3.2170 val=3.2369
layers_4 epoch=1.135 step=002500 train=3.2027 val=3.2222
layers_4 epoch=1.180 step=002600 train=3.1906 val=3.2100
layers_4 epoch=1.226 step=002700 train=3.2123 val=3.1991
layers_4 epoch=1.271 step=002800 train=3.2418 val=3.1869
layers_4 epoch=1.316 step=002900 train=3.1758 val=3.1774
layers_4 epoch=1.362 step=003000 train=3.1455 val=3.1619
layers_4 epoch=1.407 step=003100 train=3.1257 val=3.1484
layers_4 epoch=1.453 step=003200 train=3.1290 val=3.1391
layers_4 epoch=1.498 step=003300 train=3.1477 val=3.1350
layers_4 epoch=1.543 step=003400 train=3.1277 val=3.1214
layers_4 epoch=1.589 step=003500 train=3.0999 val=3.1107
layers_4 epoch=1.634 step=003600 train=3.1306 val=3.0990
layers_4 epoch=1.680 step=003700 train=3.1088 val=3.0865
layers_4 epoch=1.725 step=003800 train=3.0449 val=3.0751
layers_4 epoch=1.770 step=003900 train=3.0893 val=3.0680
layers_4 epoch=1.816 step=004000 train=3.0610 val=3.0597
layers_4 epoch=1.861 step=004100 train=3.0590 val=3.0470
layers_4 epoch=1.906 step=004200 train=3.0446 val=3.0406
layers_4 epoch=1.952 step=004300 train=3.0167 val=3.0317
layers_4 epoch=1.997 step=004400 train=3.0207 val=3.0274
layers_4 epoch=2.000 step=004406 train=3.0440 val=3.0255
dropout_0 epoch=0.061 step=000100 train=5.2078 val=5.2090
dropout_0 epoch=0.121 step=000200 train=4.6777 val=4.6733
dropout_0 epoch=0.182 step=000300 train=4.2046 val=4.1888
dropout_0 epoch=0.242 step=000400 train=3.9553 val=3.9414
dropout_0 epoch=0.303 step=000500 train=3.8182 val=3.7957
dropout_0 epoch=0.363 step=000600 train=3.7241 val=3.6928
dropout_0 epoch=0.424 step=000700 train=3.6112 val=3.6092
dropout_0 epoch=0.484 step=000800 train=3.5551 val=3.5439
dropout_0 epoch=0.545 step=000900 train=3.4941 val=3.4866
dropout_0 epoch=0.605 step=001000 train=3.4454 val=3.4447
dropout_0 epoch=0.666 step=001100 train=3.4142 val=3.4074
dropout_0 epoch=0.726 step=001200 train=3.3752 val=3.3703
dropout_0 epoch=0.787 step=001300 train=3.3453 val=3.3441
dropout_0 epoch=0.847 step=001400 train=3.3174 val=3.3165
dropout_0 epoch=0.908 step=001500 train=3.2867 val=3.2897
dropout_0 epoch=0.969 step=001600 train=3.2473 val=3.2623
dropout_0 epoch=1.000 step=001652 train=3.2608 val=3.2512
dropout_0 epoch=1.029 step=001700 train=3.2203 val=3.2436
dropout_0 epoch=1.090 step=001800 train=3.2279 val=3.2216
dropout_0 epoch=1.150 step=001900 train=3.1902 val=3.2041
dropout_0 epoch=1.211 step=002000 train=3.1752 val=3.1819
dropout_0 epoch=1.271 step=002100 train=3.1424 val=3.1661
dropout_0 epoch=1.332 step=002200 train=3.1336 val=3.1529
dropout_0 epoch=1.392 step=002300 train=3.1090 val=3.1359
dropout_0 epoch=1.453 step=002400 train=3.0904 val=3.1177
dropout_0 epoch=1.513 step=002500 train=3.0710 val=3.1051
dropout_0 epoch=1.574 step=002600 train=3.0739 val=3.0949
dropout_0 epoch=1.634 step=002700 train=3.0602 val=3.0841
dropout_0 epoch=1.695 step=002800 train=3.0648 val=3.0693
dropout_0 epoch=1.755 step=002900 train=3.0347 val=3.0572
dropout_0 epoch=1.816 step=003000 train=3.0235 val=3.0391
dropout_0 epoch=1.877 step=003100 train=3.0407 val=3.0290
dropout_0 epoch=1.937 step=003200 train=3.0196 val=3.0190
dropout_0 epoch=1.998 step=003300 train=2.9805 val=3.0073
dropout_0 epoch=2.000 step=003304 train=3.0338 val=3.0066
saved=C:\sw\gpt-lab\outputs\local_sweep_full\pilot
